\BOOKMARK [1][-]{section.1}{\376\377\000I\000n\000t\000r\000o\000d\000u\000c\000t\000i\000o\000n}{}% 1
\BOOKMARK [1][-]{section.2}{\376\377\000R\000e\000l\000a\000t\000e\000d\000\040\000W\000o\000r\000k}{}% 2
\BOOKMARK [2][-]{subsection.3}{\376\377\000H\000a\000s\000h\000-\000\040\000a\000n\000d\000\040\000r\000e\000t\000r\000i\000e\000v\000a\000l\000-\000b\000a\000s\000e\000d\000\040\000c\000o\000v\000e\000r\000l\000e\000s\000s\000\040\000c\000o\000m\000m\000u\000n\000i\000c\000a\000t\000i\000o\000n}{section.2}% 3
\BOOKMARK [2][-]{subsection.4}{\376\377\000L\000e\000a\000r\000n\000e\000d\000,\000\040\000j\000o\000i\000n\000t\000,\000\040\000a\000n\000d\000\040\000s\000t\000a\000b\000i\000l\000i\000t\000y\000-\000a\000w\000a\000r\000e\000\040\000m\000e\000t\000h\000o\000d\000s}{section.2}% 4
\BOOKMARK [2][-]{subsection.5}{\376\377\000S\000e\000c\000u\000r\000i\000t\000y\000\040\000a\000n\000d\000\040\000e\000v\000a\000l\000u\000a\000t\000i\000o\000n}{section.2}% 5
\BOOKMARK [1][-]{section.7}{\376\377\000S\000y\000s\000t\000e\000m\000\040\000a\000n\000d\000\040\000T\000h\000r\000e\000a\000t\000\040\000M\000o\000d\000e\000l}{}% 6
\BOOKMARK [2][-]{subsection.8}{\376\377\000S\000h\000a\000r\000e\000d\000\040\000i\000n\000d\000e\000x\000\040\000a\000n\000d\000\040\000p\000r\000o\000t\000o\000c\000o\000l\000\040\000p\000a\000r\000t\000i\000e\000s}{section.7}% 7
\BOOKMARK [2][-]{subsection.9}{\376\377\000C\000h\000a\000n\000n\000e\000l\000\040\000m\000o\000d\000e\000l}{section.7}% 8
\BOOKMARK [2][-]{subsection.10}{\376\377\000P\000r\000o\000t\000o\000c\000o\000l\000\040\000t\000a\000r\000g\000e\000t\000s}{section.7}% 9
\BOOKMARK [2][-]{subsection.11}{\376\377\000F\000o\000r\000m\000a\000l\000\040\000s\000e\000c\000u\000r\000i\000t\000y\000\040\000p\000r\000o\000p\000e\000r\000t\000i\000e\000s}{section.7}% 10
\BOOKMARK [1][-]{section.12}{\376\377\000N\000A\000R\000C\000I\000S\000\040\000M\000e\000t\000h\000o\000d}{}% 11
\BOOKMARK [2][-]{subsection.13}{\376\377\000C\000h\000a\000n\000n\000e\000l\000-\000i\000n\000v\000a\000r\000i\000a\000n\000t\000\040\000n\000e\000u\000r\000a\000l\000\040\000d\000e\000s\000c\000r\000i\000p\000t\000o\000r}{section.12}% 12
\BOOKMARK [2][-]{subsection.19}{\376\377\000B\000a\000l\000a\000n\000c\000e\000d\000\040\000q\000u\000a\000n\000t\000i\000l\000e\000\040\000c\000o\000d\000e\000b\000o\000o\000k}{section.12}% 13
\BOOKMARK [2][-]{subsection.22}{\376\377\000A\000t\000t\000a\000c\000k\000-\000q\000u\000a\000l\000i\000f\000i\000e\000d\000\040\000c\000o\000v\000e\000r\000\040\000i\000n\000d\000e\000x}{section.12}% 14
\BOOKMARK [2][-]{subsection.24}{\376\377\000P\000r\000o\000t\000e\000c\000t\000e\000d\000\040\000m\000e\000s\000s\000a\000g\000e\000\040\000r\000e\000p\000r\000e\000s\000e\000n\000t\000a\000t\000i\000o\000n}{section.12}% 15
\BOOKMARK [2][-]{subsection.27}{\376\377\000F\000e\000a\000s\000i\000b\000l\000e\000\040\000o\000p\000e\000r\000a\000t\000i\000n\000g\000\040\000p\000o\000i\000n\000t}{section.12}% 16
\BOOKMARK [2][-]{subsection.29}{\376\377\000C\000o\000m\000p\000u\000t\000a\000t\000i\000o\000n\000a\000l\000\040\000c\000o\000m\000p\000l\000e\000x\000i\000t\000y}{section.12}% 17
\BOOKMARK [1][-]{section.44}{\376\377\000E\000x\000p\000e\000r\000i\000m\000e\000n\000t\000a\000l\000\040\000P\000r\000o\000t\000o\000c\000o\000l}{}% 18
\BOOKMARK [2][-]{subsection.45}{\376\377\000D\000a\000t\000a\000s\000e\000t\000s\000\040\000a\000n\000d\000\040\000p\000a\000r\000t\000i\000t\000i\000o\000n\000s}{section.44}% 19
\BOOKMARK [2][-]{subsection.46}{\376\377\000C\000h\000a\000n\000n\000e\000l\000\040\000c\000o\000n\000d\000i\000t\000i\000o\000n\000s\000\040\000a\000n\000d\000\040\000m\000e\000t\000r\000i\000c\000s}{section.44}% 20
\BOOKMARK [2][-]{subsection.47}{\376\377\000B\000a\000s\000e\000l\000i\000n\000e\000s\000,\000\040\000d\000e\000s\000c\000r\000i\000p\000t\000o\000r\000\040\000c\000o\000m\000p\000a\000r\000i\000s\000o\000n\000,\000\040\000a\000n\000d\000\040\000a\000b\000l\000a\000t\000i\000o\000n}{section.44}% 21
\BOOKMARK [2][-]{subsection.48}{\376\377\000S\000e\000l\000e\000c\000t\000i\000o\000n\000\040\000d\000e\000t\000e\000c\000t\000a\000b\000i\000l\000i\000t\000y}{section.44}% 22
\BOOKMARK [2][-]{subsection.49}{\376\377\000S\000e\000n\000s\000i\000t\000i\000v\000i\000t\000y\000\040\000a\000n\000d\000\040\000p\000r\000o\000j\000e\000c\000t\000i\000o\000n\000\040\000a\000n\000a\000l\000y\000s\000i\000s}{section.44}% 23
\BOOKMARK [1][-]{section.50}{\376\377\000R\000e\000s\000u\000l\000t\000s}{}% 24
\BOOKMARK [2][-]{subsection.51}{\376\377\000C\000o\000d\000e\000b\000o\000o\000k\000\040\000f\000e\000a\000s\000i\000b\000i\000l\000i\000t\000y}{section.50}% 25
\BOOKMARK [2][-]{subsection.54}{\376\377\000E\000n\000d\000-\000t\000o\000-\000e\000n\000d\000\040\000r\000o\000b\000u\000s\000t\000n\000e\000s\000s}{section.50}% 26
\BOOKMARK [2][-]{subsection.57}{\376\377\000P\000a\000y\000l\000o\000a\000d\000\040\000s\000c\000a\000l\000a\000b\000i\000l\000i\000t\000y}{section.50}% 27
\BOOKMARK [2][-]{subsection.60}{\376\377\000T\000r\000a\000i\000n\000i\000n\000g\000\040\000c\000o\000n\000v\000e\000r\000g\000e\000n\000c\000e}{section.50}% 28
\BOOKMARK [2][-]{subsection.62}{\376\377\000S\000e\000l\000e\000c\000t\000i\000o\000n\000\040\000d\000e\000t\000e\000c\000t\000a\000b\000i\000l\000i\000t\000y}{section.50}% 29
\BOOKMARK [2][-]{subsection.65}{\376\377\000S\000e\000n\000s\000i\000t\000i\000v\000i\000t\000y\000,\000\040\000p\000r\000o\000j\000e\000c\000t\000i\000o\000n\000\040\000a\000n\000a\000l\000y\000s\000i\000s\000,\000\040\000a\000n\000d\000\040\000c\000o\000m\000p\000l\000e\000x\000i\000t\000y}{section.50}% 30
\BOOKMARK [2][-]{subsection.69}{\376\377\000Q\000u\000a\000l\000i\000f\000i\000c\000a\000t\000i\000o\000n\000\040\000a\000b\000l\000a\000t\000i\000o\000n}{section.50}% 31
\BOOKMARK [2][-]{subsection.71}{\376\377\000P\000o\000s\000i\000t\000i\000o\000n\000\040\000r\000e\000l\000a\000t\000i\000v\000e\000\040\000t\000o\000\040\000p\000u\000b\000l\000i\000s\000h\000e\000d\000\040\000m\000e\000t\000h\000o\000d\000s}{section.50}% 32
\BOOKMARK [1][-]{section.73}{\376\377\000D\000i\000s\000c\000u\000s\000s\000i\000o\000n}{}% 33
\BOOKMARK [2][-]{subsection.74}{\376\377\000W\000h\000a\000t\000\040\000t\000h\000e\000\040\000e\000x\000p\000e\000r\000i\000m\000e\000n\000t\000s\000\040\000e\000s\000t\000a\000b\000l\000i\000s\000h}{section.73}% 34
\BOOKMARK [2][-]{subsection.75}{\376\377\000S\000e\000c\000u\000r\000i\000t\000y\000\040\000i\000n\000t\000e\000r\000p\000r\000e\000t\000a\000t\000i\000o\000n}{section.73}% 35
\BOOKMARK [2][-]{subsection.76}{\376\377\000P\000r\000o\000j\000e\000c\000t\000i\000o\000n\000\040\000s\000e\000l\000e\000c\000t\000i\000o\000n\000\040\000a\000n\000d\000\040\000t\000h\000e\000\040\000P\000C\0001\000\040\000c\000h\000o\000i\000c\000e}{section.73}% 36
\BOOKMARK [2][-]{subsection.77}{\376\377\000R\000e\000e\000d\000-\000S\000o\000l\000o\000m\000o\000n\000\040\000p\000a\000r\000a\000m\000e\000t\000e\000r\000\040\000c\000h\000o\000i\000c\000e}{section.73}% 37
\BOOKMARK [2][-]{subsection.78}{\376\377\000C\000o\000m\000p\000a\000r\000a\000t\000i\000v\000e\000\040\000c\000o\000n\000t\000e\000x\000t}{section.73}% 38
\BOOKMARK [2][-]{subsection.79}{\376\377\000L\000i\000m\000i\000t\000a\000t\000i\000o\000n\000s}{section.73}% 39
\BOOKMARK [1][-]{section.84}{\376\377\000C\000o\000n\000c\000l\000u\000s\000i\000o\000n}{}% 40
\BOOKMARK [1][-]{section*.87}{\376\377\000A\000p\000p\000e\000n\000d\000i\000x}{}% 41
\BOOKMARK [1][-]{section*.89}{\376\377\000R\000e\000f\000e\000r\000e\000n\000c\000e\000s}{}% 42
